I love programming.
2
I love playing computer games!